2025-09-19 15:01:13,270 - INFO - 开始调试全局训练模块 (无预训练)
2025-09-19 15:01:13,290 - INFO - 测试训练 2018-01-15 日的全局模型
2025-09-19 15:02:45,363 - INFO - 成功创建新模型，参数量: 4,823,233
2025-09-19 15:02:47,923 - INFO - 调试模式: 使用总数据的 10% 进行训练和验证
2025-09-19 15:02:47,982 - INFO - 调试模式: 使用 2850717 个样本 (2280573 训练, 570144 验证)
2025-09-19 15:02:47,983 - INFO - 加载微调数据成功，训练集大小: 2280573, 验证集大小: 570144
2025-09-19 15:02:51,806 - INFO - 实际训练超参数: n_layers=6,dropout=0.1, batch_size=128, learning_rate=0.0001, patience=10
2025-09-19 15:20:16,365 - INFO - Epoch 1/20 - 训练损失: 0.0531, 验证损失: 0.0409, RMSE: 1.86, R2: 0.9591, 耗时: 1044.5s, 预计剩余: 19845.0s
2025-09-19 15:20:16,366 - INFO - 验证集损失降低，保存当前最佳模型。
2025-09-19 15:38:53,626 - INFO - Epoch 2/20 - 训练损失: 0.0423, 验证损失: 0.0360, RMSE: 1.74, R2: 0.9640, 耗时: 2161.7s, 预计剩余: 19455.6s
2025-09-19 15:38:53,627 - INFO - 验证集损失降低，保存当前最佳模型。
2025-09-19 15:59:08,405 - INFO - Epoch 3/20 - 训练损失: 0.0387, 验证损失: 0.0333, RMSE: 1.67, R2: 0.9668, 耗时: 3376.5s, 预计剩余: 19133.6s
2025-09-19 15:59:08,406 - INFO - 验证集损失降低，保存当前最佳模型。
2025-09-19 16:20:41,641 - INFO - Epoch 4/20 - 训练损失: 0.0364, 验证损失: 0.0324, RMSE: 1.65, R2: 0.9677, 耗时: 4669.8s, 预计剩余: 18679.0s
2025-09-19 16:20:41,642 - INFO - 验证集损失降低，保存当前最佳模型。
2025-09-19 16:43:02,805 - INFO - Epoch 5/20 - 训练损失: 0.0347, 验证损失: 0.0306, RMSE: 1.60, R2: 0.9694, 耗时: 6010.9s, 预计剩余: 18032.7s
2025-09-19 16:43:02,806 - INFO - 验证集损失降低，保存当前最佳模型。
2025-09-19 17:06:05,401 - INFO - Epoch 6/20 - 训练损失: 0.0334, 验证损失: 0.0298, RMSE: 1.58, R2: 0.9703, 耗时: 7393.5s, 预计剩余: 17251.5s
2025-09-19 17:06:05,401 - INFO - 验证集损失降低，保存当前最佳模型。
2025-09-19 17:30:16,751 - INFO - Epoch 7/20 - 训练损失: 0.0323, 验证损失: 0.0293, RMSE: 1.57, R2: 0.9707, 耗时: 8844.9s, 预计剩余: 16426.2s
2025-09-19 17:30:16,751 - INFO - 验证集损失降低，保存当前最佳模型。
2025-09-19 17:55:46,458 - INFO - Epoch 8/20 - 训练损失: 0.0314, 验证损失: 0.0268, RMSE: 1.50, R2: 0.9732, 耗时: 10374.6s, 预计剩余: 15561.9s
2025-09-19 17:55:46,459 - INFO - 验证集损失降低，保存当前最佳模型。
2025-09-19 18:20:37,143 - INFO - Epoch 9/20 - 训练损失: 0.0307, 验证损失: 0.0267, RMSE: 1.50, R2: 0.9733, 耗时: 11865.3s, 预计剩余: 14502.0s
2025-09-19 18:20:37,146 - INFO - 验证集损失降低，保存当前最佳模型。
2025-09-19 18:45:29,747 - INFO - Epoch 10/20 - 训练损失: 0.0301, 验证损失: 0.0267, RMSE: 1.50, R2: 0.9733, 耗时: 13357.9s, 预计剩余: 13357.9s
2025-09-19 18:45:29,748 - INFO - 验证集损失降低，保存当前最佳模型。
2025-09-19 19:10:42,049 - INFO - Epoch 11/20 - 训练损失: 0.0295, 验证损失: 0.0256, RMSE: 1.47, R2: 0.9744, 耗时: 14870.2s, 预计剩余: 12166.5s
2025-09-19 19:10:42,050 - INFO - 验证集损失降低，保存当前最佳模型。
2025-09-19 19:35:48,937 - INFO - Epoch 12/20 - 训练损失: 0.0290, 验证损失: 0.0255, RMSE: 1.46, R2: 0.9745, 耗时: 16377.0s, 预计剩余: 10918.0s
2025-09-19 19:35:48,937 - INFO - 验证集损失降低，保存当前最佳模型。
2025-09-19 20:01:00,083 - INFO - Epoch 13/20 - 训练损失: 0.0286, 验证损失: 0.0247, RMSE: 1.44, R2: 0.9753, 耗时: 17888.2s, 预计剩余: 9632.1s
2025-09-19 20:01:00,084 - INFO - 验证集损失降低，保存当前最佳模型。
2025-09-19 20:26:18,699 - INFO - Epoch 14/20 - 训练损失: 0.0282, 验证损失: 0.0243, RMSE: 1.43, R2: 0.9757, 耗时: 19406.8s, 预计剩余: 8317.2s
2025-09-19 20:26:18,700 - INFO - 验证集损失降低，保存当前最佳模型。
2025-09-19 20:52:02,434 - INFO - Epoch 15/20 - 训练损失: 0.0278, 验证损失: 0.0242, RMSE: 1.43, R2: 0.9758, 耗时: 20950.5s, 预计剩余: 6983.5s
2025-09-19 20:52:02,435 - INFO - 验证集损失降低，保存当前最佳模型。
2025-09-19 21:17:16,216 - INFO - Epoch 16/20 - 训练损失: 0.0275, 验证损失: 0.0239, RMSE: 1.42, R2: 0.9761, 耗时: 22464.3s, 预计剩余: 5616.1s
2025-09-19 21:17:16,217 - INFO - 验证集损失降低，保存当前最佳模型。
2025-09-19 21:42:29,045 - INFO - Epoch 17/20 - 训练损失: 0.0272, 验证损失: 0.0235, RMSE: 1.41, R2: 0.9765, 耗时: 23977.2s, 预计剩余: 4231.3s
2025-09-19 21:42:29,048 - INFO - 验证集损失降低，保存当前最佳模型。
2025-09-19 22:07:38,690 - INFO - Epoch 18/20 - 训练损失: 0.0269, 验证损失: 0.0230, RMSE: 1.39, R2: 0.9770, 耗时: 25486.8s, 预计剩余: 2831.9s
2025-09-19 22:07:38,691 - INFO - 验证集损失降低，保存当前最佳模型。
2025-09-19 22:32:49,960 - INFO - Epoch 19/20 - 训练损失: 0.0266, 验证损失: 0.0228, RMSE: 1.39, R2: 0.9772, 耗时: 26998.1s, 预计剩余: 1421.0s
2025-09-19 22:32:49,961 - INFO - 验证集损失降低，保存当前最佳模型。
2025-09-19 22:57:59,211 - INFO - Epoch 20/20 - 训练损失: 0.0263, 验证损失: 0.0230, RMSE: 1.39, R2: 0.9770, 耗时: 28507.3s, 预计剩余: 0.0s
2025-09-19 22:57:59,219 - INFO - 已加载最佳模型权重。
2025-09-19 22:58:02,579 - INFO - 全局训练模型已保存到: G:\CNN_SpatialDownscaling\output\global_trained\global_trained_2018011500.pt
2025-09-19 22:58:04,290 - INFO - 全局训练指标图表已保存到: G:\CNN_SpatialDownscaling\output\global_trained\global_training_metrics.png
2025-09-19 22:58:04,692 - INFO - 预测-实际散点图已保存到: G:\CNN_SpatialDownscaling\output\global_trained\global_training_scatter.png
2025-09-19 22:58:04,700 - INFO - 调试模式训练成功，请检查输出目录。
